Version: v1.0.0-rc.1
Build Time: 2026.07.25
Platform: windows (amd64)
Vulkan 1.3.239
RAM in Use: 200 MB / OS Reserved: 383 MB
Active Goroutines: 3
Timestamp: 2026-08-08 12:46:05

Engine error

Error: external/script/main.lua:3500: chars/Yuko/Helpers.cns:12:
'!' operator cannot be used within a trigger redirection
stack traceback:
	[G]: in function 'game'
	external/script/main.lua:3500: in function 'f'
	external/script/main.lua:2703: in function 'loop'
	external/script/main.lua:4039: in main chunk
	[G]: ?

Go stack traceback:
goroutine 1 [running, locked to thread]:
runtime/debug.Stack()
	runtime/debug/stack.go:24 +0x65
main.handlePanic({0x7ff77380e520?, 0xc0073dc000})
	github.com/ikemen-engine/Ikemen-GO/src/main.go:372 +0x408
main.realMain.func1()
	github.com/ikemen-engine/Ikemen-GO/src/main.go:66 +0x2a
panic({0x7ff77380e520, 0xc0073dc000})
	runtime/panic.go:884 +0x213
main.realMain()
	github.com/ikemen-engine/Ikemen-GO/src/main.go:206 +0x573
main.main()
	github.com/ikemen-engine/Ikemen-GO/src/main.go:59 +0x17
