Version: v1.0.0-rc.1
Build Time: 2026.07.25
Platform: windows (amd64)
OpenGL 3.3
RAM in Use: 292 MB / OS Reserved: 932 MB
Active Goroutines: 3
Timestamp: 2026-07-30 01:17:35

Engine error

Error: .\external\script\start.lua:1748: 
Error loading stages/aegisdusk.def: Missing action: %d11
stack traceback:
	[G]: in function 'game'
	.\external\script\start.lua:1748: in function 'f_game'
	.\external\script\start.lua:2361: in function 'launchFight'
	@external/script/default.lua:2: in function <@external/script/default.lua:0>
	.\external\script\start.lua:1819: in function 'f'
	external/script/main.lua:2703: in function 'loop'
	external/script/main.lua:4039: in main chunk
	[G]: ?

Go stack traceback:
goroutine 1 [running, locked to thread]:
runtime/debug.Stack()
	runtime/debug/stack.go:24 +0x65
main.handlePanic({0x7ff69c82e520?, 0xc0012b2d80})
	github.com/ikemen-engine/Ikemen-GO/src/main.go:372 +0x408
main.realMain.func1()
	github.com/ikemen-engine/Ikemen-GO/src/main.go:66 +0x2a
panic({0x7ff69c82e520, 0xc0012b2d80})
	runtime/panic.go:884 +0x213
main.realMain()
	github.com/ikemen-engine/Ikemen-GO/src/main.go:206 +0x573
main.main()
	github.com/ikemen-engine/Ikemen-GO/src/main.go:59 +0x17
